
Running 18 tests using 3 workers

  ✘   1 [webkit] › e2e/rider-features.spec.ts:50:7 › Rider Supplementary Features (Phase 5) › Support Ticket Generation (3ms)
  ✘   3 [firefox] › e2e/rider-features.spec.ts:50:7 › Rider Supplementary Features (Phase 5) › Support Ticket Generation (2ms)
  ✘   4 [webkit] › e2e/rider-features.spec.ts:59:7 › Rider Supplementary Features (Phase 5) › Team Leader Interaction & Change Request (4ms)
  ✘   5 [firefox] › e2e/rider-features.spec.ts:59:7 › Rider Supplementary Features (Phase 5) › Team Leader Interaction & Change Request (9ms)
  ✘   6 [webkit] › e2e/rider-features.spec.ts:79:7 › Rider Supplementary Features (Phase 5) › Rewards & Payment Streak Visualisation (3ms)
  ✘   7 [firefox] › e2e/rider-features.spec.ts:79:7 › Rider Supplementary Features (Phase 5) › Rewards & Payment Streak Visualisation (3ms)
  ✘   8 [webkit] › e2e/rider-features.spec.ts:87:7 › Rider Supplementary Features (Phase 5) › Referral Program Verification (2ms)
  ✘   9 [firefox] › e2e/rider-features.spec.ts:87:7 › Rider Supplementary Features (Phase 5) › Referral Program Verification (2ms)
  ✘  10 [webkit] › e2e/rider-features.spec.ts:93:7 › Rider Supplementary Features (Phase 5) › Edit Profile & Approval Workflow (3ms)
  ✘  11 [firefox] › e2e/rider-features.spec.ts:93:7 › Rider Supplementary Features (Phase 5) › Edit Profile & Approval Workflow (3ms)
  ✘  12 [webkit] › e2e/rider-features.spec.ts:103:7 › Rider Supplementary Features (Phase 5) › Emergency SOS Activation (2ms)
  ✘  13 [firefox] › e2e/rider-features.spec.ts:103:7 › Rider Supplementary Features (Phase 5) › Emergency SOS Activation (2ms)
